Archive member included to satisfy reference by file (symbol)

c:/program files (x86)/gnu tools arm embedded/6 2017-q2-update/bin/../lib/gcc/arm-none-eabi/6.3.1/thumb/v6-m\libgcc.a(_udivsi3.o)
                              ./freertos/fsl_tickless_lptmr.o (__aeabi_uidiv)
c:/program files (x86)/gnu tools arm embedded/6 2017-q2-update/bin/../lib/gcc/arm-none-eabi/6.3.1/thumb/v6-m\libgcc.a(_dvmd_tls.o)
                              c:/program files (x86)/gnu tools arm embedded/6 2017-q2-update/bin/../lib/gcc/arm-none-eabi/6.3.1/thumb/v6-m\libgcc.a(_udivsi3.o) (__aeabi_idiv0)
c:/program files (x86)/gnu tools arm embedded/6 2017-q2-update/bin/../lib/gcc/arm-none-eabi/6.3.1/../../../../arm-none-eabi/lib/thumb/v6-m\libc.a(lib_a-exit.o)
                              c:/program files (x86)/gnu tools arm embedded/6 2017-q2-update/bin/../lib/gcc/arm-none-eabi/6.3.1/../../../../arm-none-eabi/lib/thumb/v6-m/crt0.o (exit)
c:/program files (x86)/gnu tools arm embedded/6 2017-q2-update/bin/../lib/gcc/arm-none-eabi/6.3.1/../../../../arm-none-eabi/lib/thumb/v6-m\libc.a(lib_a-impure.o)
                              c:/program files (x86)/gnu tools arm embedded/6 2017-q2-update/bin/../lib/gcc/arm-none-eabi/6.3.1/../../../../arm-none-eabi/lib/thumb/v6-m\libc.a(lib_a-exit.o) (_global_impure_ptr)
c:/program files (x86)/gnu tools arm embedded/6 2017-q2-update/bin/../lib/gcc/arm-none-eabi/6.3.1/../../../../arm-none-eabi/lib/thumb/v6-m\libc.a(lib_a-init.o)
                              c:/program files (x86)/gnu tools arm embedded/6 2017-q2-update/bin/../lib/gcc/arm-none-eabi/6.3.1/../../../../arm-none-eabi/lib/thumb/v6-m/crt0.o (__libc_init_array)
c:/program files (x86)/gnu tools arm embedded/6 2017-q2-update/bin/../lib/gcc/arm-none-eabi/6.3.1/../../../../arm-none-eabi/lib/thumb/v6-m\libc.a(lib_a-memcpy-stub.o)
                              ./freertos/queue.o (memcpy)
c:/program files (x86)/gnu tools arm embedded/6 2017-q2-update/bin/../lib/gcc/arm-none-eabi/6.3.1/../../../../arm-none-eabi/lib/thumb/v6-m\libc.a(lib_a-memset.o)
                              c:/program files (x86)/gnu tools arm embedded/6 2017-q2-update/bin/../lib/gcc/arm-none-eabi/6.3.1/../../../../arm-none-eabi/lib/thumb/v6-m/crt0.o (memset)
c:/program files (x86)/gnu tools arm embedded/6 2017-q2-update/bin/../lib/gcc/arm-none-eabi/6.3.1/../../../../arm-none-eabi/lib/thumb/v6-m\libc.a(lib_a-printf.o)
                              ./drivers/fsl_common.o (printf)
c:/program files (x86)/gnu tools arm embedded/6 2017-q2-update/bin/../lib/gcc/arm-none-eabi/6.3.1/../../../../arm-none-eabi/lib/thumb/v6-m\libc.a(lib_a-vfprintf.o)
                              c:/program files (x86)/gnu tools arm embedded/6 2017-q2-update/bin/../lib/gcc/arm-none-eabi/6.3.1/../../../../arm-none-eabi/lib/thumb/v6-m\libc.a(lib_a-printf.o) (_vfprintf_r)
c:/program files (x86)/gnu tools arm embedded/6 2017-q2-update/bin/../lib/gcc/arm-none-eabi/6.3.1/../../../../arm-none-eabi/lib/thumb/v6-m\libc.a(lib_a-wsetup.o)
                              c:/program files (x86)/gnu tools arm embedded/6 2017-q2-update/bin/../lib/gcc/arm-none-eabi/6.3.1/../../../../arm-none-eabi/lib/thumb/v6-m\libc.a(lib_a-vfprintf.o) (__swsetup_r)
c:/program files (x86)/gnu tools arm embedded/6 2017-q2-update/bin/../lib/gcc/arm-none-eabi/6.3.1/../../../../arm-none-eabi/lib/thumb/v6-m\libc.a(lib_a-__call_atexit.o)
                              c:/program files (x86)/gnu tools arm embedded/6 2017-q2-update/bin/../lib/gcc/arm-none-eabi/6.3.1/../../../../arm-none-eabi/lib/thumb/v6-m\libc.a(lib_a-exit.o) (__call_exitprocs)
c:/program files (x86)/gnu tools arm embedded/6 2017-q2-update/bin/../lib/gcc/arm-none-eabi/6.3.1/../../../../arm-none-eabi/lib/thumb/v6-m\libc.a(lib_a-atexit.o)
                              c:/program files (x86)/gnu tools arm embedded/6 2017-q2-update/bin/../lib/gcc/arm-none-eabi/6.3.1/../../../../arm-none-eabi/lib/thumb/v6-m\libc.a(lib_a-__call_atexit.o) (atexit)
c:/program files (x86)/gnu tools arm embedded/6 2017-q2-update/bin/../lib/gcc/arm-none-eabi/6.3.1/../../../../arm-none-eabi/lib/thumb/v6-m\libc.a(lib_a-dtoa.o)
                              c:/program files (x86)/gnu tools arm embedded/6 2017-q2-update/bin/../lib/gcc/arm-none-eabi/6.3.1/../../../../arm-none-eabi/lib/thumb/v6-m\libc.a(lib_a-vfprintf.o) (_dtoa_r)
c:/program files (x86)/gnu tools arm embedded/6 2017-q2-update/bin/../lib/gcc/arm-none-eabi/6.3.1/../../../../arm-none-eabi/lib/thumb/v6-m\libc.a(lib_a-fflush.o)
                              c:/program files (x86)/gnu tools arm embedded/6 2017-q2-update/bin/../lib/gcc/arm-none-eabi/6.3.1/../../../../arm-none-eabi/lib/thumb/v6-m\libc.a(lib_a-vfprintf.o) (_fflush_r)
c:/program files (x86)/gnu tools arm embedded/6 2017-q2-update/bin/../lib/gcc/arm-none-eabi/6.3.1/../../../../arm-none-eabi/lib/thumb/v6-m\libc.a(lib_a-findfp.o)
[...]
Memory Configuration

Name             Origin             Length             Attributes
PROGRAM_FLASH    0x00000000         0x00080000         xr
SRAM             0x1fff8000         0x00020000         xrw
*default*        0x00000000         0xffffffff

Linker script and memory map

LOAD c:/program files (x86)/gnu tools arm embedded/6 2017-q2-update/bin/../lib/gcc/arm-none-eabi/6.3.1/thumb/v6-m/crti.o
LOAD c:/program files (x86)/gnu tools arm embedded/6 2017-q2-update/bin/../lib/gcc/arm-none-eabi/6.3.1/thumb/v6-m/crtbegin.o
LOAD c:/program files (x86)/gnu tools arm embedded/6 2017-q2-update/bin/../lib/gcc/arm-none-eabi/6.3.1/../../../../arm-none-eabi/lib/thumb/v6-m/crt0.o
LOAD ./utilities/fsl_debug_console.o
LOAD ./startup/startup_mkw41z4.o
LOAD ./source/freertos_hello.o
LOAD ./source/mtb.o
LOAD ./freertos/croutine.o
LOAD ./freertos/event_groups.o
LOAD ./freertos/fsl_tickless_lptmr.o
LOAD ./freertos/fsl_tickless_systick.o
LOAD ./freertos/heap_4.o
LOAD ./freertos/list.o
LOAD ./freertos/port.o
LOAD ./freertos/queue.o
LOAD ./freertos/tasks.o
LOAD ./freertos/timers.o
LOAD ./drivers/fsl_clock.o
LOAD ./drivers/fsl_common.o
LOAD ./drivers/fsl_flash.o
LOAD ./drivers/fsl_gpio.o
LOAD ./drivers/fsl_lptmr.o
LOAD ./drivers/fsl_lpuart.o
LOAD ./drivers/fsl_lpuart_freertos.o
LOAD ./drivers/fsl_smc.o
LOAD ./board/board.o
LOAD ./board/clock_config.o
LOAD ./board/pin_mux.o
LOAD ./CMSIS/system_MKW41Z4.o
START GROUP
LOAD c:/program files (x86)/gnu tools arm embedded/6 2017-q2-update/bin/../lib/gcc/arm-none-eabi/6.3.1/thumb/v6-m\libgcc.a
LOAD c:/program files (x86)/gnu tools arm embedded/6 2017-q2-update/bin/../lib/gcc/arm-none-eabi/6.3.1/../../../../arm-none-eabi/lib/thumb/v6-m\libc.a
END GROUP
LOAD c:/program files (x86)/gnu tools arm embedded/6 2017-q2-update/bin/../lib/gcc/arm-none-eabi/6.3.1/thumb/v6-m/crtend.o
LOAD c:/program files (x86)/gnu tools arm embedded/6 2017-q2-update/bin/../lib/gcc/arm-none-eabi/6.3.1/thumb/v6-m/crtn.o
START GROUP
LOAD c:/program files (x86)/gnu tools arm embedded/6 2017-q2-update/bin/../lib/gcc/arm-none-eabi/6.3.1/thumb/v6-m\libgcc.a
LOAD c:/program files (x86)/gnu tools arm embedded/6 2017-q2-update/bin/../lib/gcc/arm-none-eabi/6.3.1/../../../../arm-none-eabi/lib/thumb/v6-m\libc_nano.a
LOAD c:/program files (x86)/gnu tools arm embedded/6 2017-q2-update/bin/../lib/gcc/arm-none-eabi/6.3.1/../../../../arm-none-eabi/lib/thumb/v6-m\libm.a
LOAD c:/program files (x86)/gnu tools arm embedded/6 2017-q2-update/bin/../lib/gcc/arm-none-eabi/6.3.1/../../../../arm-none-eabi/lib/thumb/v6-m\librdimon.a
END GROUP
                0x00000000                __base_PROGRAM_FLASH = 0x0
                0x00000000                __base_Flash = 0x0
                0x00080000                __top_PROGRAM_FLASH = 0x80000
                0x00080000                __top_Flash = 0x80000
                0x1fff8000                __base_SRAM = 0x1fff8000
                0x1fff8000                __base_RAM = 0x1fff8000
                0x20018000                __top_SRAM = 0x20018000
                0x20018000                __top_RAM = 0x20018000

.text           0x00000000     0x30ec
 FILL mask 0xff
                0x00000000                __vectors_start__ = ABSOLUTE (.)
 *(.isr_vector)
 .isr_vector    0x00000000       0xc0 ./startup/startup_mkw41z4.o
                0x00000000                g_pfnVectors
                0x00000000                __Vectors
                0x000000c0                . = ALIGN (0x4)
                0x000000c0                __section_table_start = .
                0x000000c0                __data_section_table = .
                0x000000c0        0x4 LONG 0x30f4 LOADADDR (.data)
                0x000000c4        0x4 LONG 0x1fff8000 ADDR (.data)
                0x000000c8        0x4 LONG 0x8 SIZEOF (.data)
                0x000000cc                __data_section_table_end = .
                0x000000cc                __bss_section_table = .
                0x000000cc        0x4 LONG 0x1fff8008 ADDR (.bss)
                0x000000d0        0x4 LONG 0x29a4 SIZEOF (.bss)
                0x000000d4                __bss_section_table_end = .
                0x000000d4                __section_table_end = .
 *(.after_vectors*)
 .after_vectors.init_data
                0x000000d4       0x16 ./startup/startup_mkw41z4.o
                0x000000d4                data_init
 .after_vectors.init_bss
                0x000000ea       0x12 ./startup/startup_mkw41z4.o
                0x000000ea                bss_init
 .after_vectors.reset
                0x000000fc       0x4c ./startup/startup_mkw41z4.o
                0x000000fc                ResetISR
 .after_vectors
                0x00000148      0x10c ./startup/startup_mkw41z4.o
                0x00000148                NMI_Handler
                0x0000014a                HardFault_Handler
                0x00000152                DMA0_DriverIRQHandler
                0x00000152                PIT_DriverIRQHandler
                0x00000152                SPI1_DriverIRQHandler
                0x00000152                LPTMR0_DriverIRQHandler
                0x00000152                PORTB_PORTC_DriverIRQHandler
                0x00000152                DMA3_DriverIRQHandler
                0x00000152                I2C0_DriverIRQHandler
                0x00000152                DMA2_DriverIRQHandler
                0x00000152                TRNG0_DriverIRQHandler
                0x00000152                CMP0_DriverIRQHandler
                0x00000152                TPM2_DriverIRQHandler
                0x00000152                Radio_0_DriverIRQHandler
                0x00000152                ADC0_DriverIRQHandler
                0x00000152                SPI0_DriverIRQHandler
                0x00000152                TSI0_DriverIRQHandler
                0x00000152                RTC_Seconds_DriverIRQHandler
                0x00000152                LTC0_DriverIRQHandler
                0x00000152                LLWU_DriverIRQHandler
                0x00000152                MCG_DriverIRQHandler
                0x00000152                I2C1_DriverIRQHandler
                0x00000152                CMT_DriverIRQHandler
                0x00000152                DMA1_DriverIRQHandler
                0x00000152                FTFA_DriverIRQHandler
                0x00000152                IntDefaultHandler
                0x00000152                RTC_DriverIRQHandler
                0x00000152                DAC0_DriverIRQHandler
                0x00000152                TPM0_DriverIRQHandler
                0x00000152                TPM1_DriverIRQHandler
                0x00000152                LVD_LVW_DCDC_DriverIRQHandler
                0x00000152                PORTA_DriverIRQHandler
                0x00000152                Reserved20_DriverIRQHandler
                0x00000152                Radio_1_DriverIRQHandler
                0x00000154                DMA0_IRQHandler
                0x0000015c                DMA1_IRQHandler
                0x00000164                DMA2_IRQHandler
                0x0000016c                DMA3_IRQHandler
                0x00000174                Reserved20_IRQHandler
                0x0000017c                FTFA_IRQHandler
                0x00000184                LVD_LVW_DCDC_IRQHandler
                0x0000018c                LLWU_IRQHandler
                0x00000194                I2C0_IRQHandler
                0x0000019c                I2C1_IRQHandler
                0x000001a4                SPI0_IRQHandler
                0x000001ac                TSI0_IRQHandler
                0x000001b4                LPUART0_IRQHandler
                0x000001bc                TRNG0_IRQHandler
                0x000001c4                CMT_IRQHandler
                0x000001cc                ADC0_IRQHandler
                0x000001d4                CMP0_IRQHandler
                0x000001dc                TPM0_IRQHandler
                0x000001e4                TPM1_IRQHandler
                0x000001ec                TPM2_IRQHandler
                0x000001f4                RTC_IRQHandler
                0x000001fc                RTC_Seconds_IRQHandler
                0x00000204                PIT_IRQHandler
                0x0000020c                LTC0_IRQHandler
                0x00000214                Radio_0_IRQHandler
                0x0000021c                DAC0_IRQHandler
                0x00000224                Radio_1_IRQHandler
                0x0000022c                MCG_IRQHandler
                0x00000234                LPTMR0_IRQHandler
                0x0000023c                SPI1_IRQHandler
                0x00000244                PORTA_IRQHandler
                0x0000024c                PORTB_PORTC_IRQHandler
                0x00000400                . = 0x400
 *fill*         0x00000254      0x1ac ff
                0x00000400                PROVIDE (__FLASH_CONFIG_START__, .)
 *(.FlashConfig)
 .FlashConfig   0x00000400       0x10 ./startup/startup_mkw41z4.o
                0x00000400                Flash_Config
                0x00000410                PROVIDE (__FLASH_CONFIG_END__, .)
                0x00000001                ASSERT (! ((__FLASH_CONFIG_START__ == __FLASH_CONFIG_END__)), Linker Flash Config Support Enabled, but no .FlashConfig section provided within application)
 *(.text*)
 .text.GPIO_WritePinOutput
                0x00000410       0x34 ./source/freertos_hello.o
 .text.GPIO_TogglePinsOutput
                0x00000444       0x18 ./source/freertos_hello.o
 .text.main     0x0000045c       0x4c ./source/freertos_hello.o
                0x0000045c                main
 .text.BlueLEDTaskFunction
                0x000004a8       0x4c ./source/freertos_hello.o
 .text.RedLEDTaskFunction
                0x000004f4       0x2c ./source/freertos_hello.o
 .text.prvSetupTimerInterrupt
                0x00000520       0x3c ./freertos/fsl_tickless_lptmr.o
                0x00000520                prvSetupTimerInterrupt
 .text.pvPortMalloc
                0x0000055c      0x14c ./freertos/heap_4.o
                0x0000055c                pvPortMalloc
 .text.vPortFree
                0x000006a8       0x90 ./freertos/heap_4.o
                0x000006a8                vPortFree
 .text.prvHeapInit
                0x00000738       0xc0 ./freertos/heap_4.o
 .text.prvInsertBlockIntoFreeList
                0x000007f8       0xb0 ./freertos/heap_4.o
 .text.vListInitialise
                0x000008a8       0x3c ./freertos/list.o
                0x000008a8                vListInitialise
 .text.vListInitialiseItem
                0x000008e4       0x16 ./freertos/list.o
                0x000008e4                vListInitialiseItem
 .text.vListInsertEnd
                0x000008fa       0x44 ./freertos/list.o
                0x000008fa                vListInsertEnd
 .text.vListInsert
                0x0000093e       0x6c ./freertos/list.o
                0x0000093e                vListInsert
 .text.uxListRemove
                0x000009aa       0x50 ./freertos/list.o
                0x000009aa                uxListRemove
 *fill*         0x000009fa        0x2 ff
 .text.pxPortInitialiseStack
                0x000009fc       0x54 ./freertos/port.o
                0x000009fc                pxPortInitialiseStack
 .text.prvTaskExitError
                0x00000a50       0x18 ./freertos/port.o
 .text.SVC_Handler
                0x00000a68        0xa ./freertos/port.o
                0x00000a68                SVC_Handler
 *fill*         0x00000a72        0xe ff
 .text.vPortStartFirstTask
                0x00000a80       0x38 ./freertos/port.o
 .text.xPortStartScheduler
                0x00000ab8       0x44 ./freertos/port.o
                0x00000ab8                xPortStartScheduler
 .text.vPortYield
                0x00000afc       0x20 ./freertos/port.o
                0x00000afc                vPortYield
 .text.vPortEnterCritical
                0x00000b1c       0x24 ./freertos/port.o
                0x00000b1c                vPortEnterCritical
 .text.vPortExitCritical
                0x00000b40       0x30 ./freertos/port.o
                0x00000b40                vPortExitCritical
 .text.ulSetInterruptMaskFromISR
                0x00000b70        0xc ./freertos/port.o
                0x00000b70                ulSetInterruptMaskFromISR
 .text.vClearInterruptMaskFromISR
                0x00000b7c        0x8 ./freertos/port.o
                0x00000b7c                vClearInterruptMaskFromISR
 *fill*         0x00000b84        0xc ff
 .text.PendSV_Handler
                0x00000b90       0x48 ./freertos/port.o
                0x00000b90                PendSV_Handler
 .text.SysTick_Handler
                0x00000bd8       0x34 ./freertos/port.o
                0x00000bd8                SysTick_Handler
 .text.xQueueGenericReset
                0x00000c0c       0xa8 ./freertos/queue.o
                0x00000c0c                xQueueGenericReset
 .text.xQueueGenericCreate
                0x00000cb4       0x64 ./freertos/queue.o
                0x00000cb4                xQueueGenericCreate
 .text.prvInitialiseNewQueue
                0x00000d18       0x4e ./freertos/queue.o
 .text.xQueueGenericSend
                0x00000d66      0x188 ./freertos/queue.o
                0x00000d66                xQueueGenericSend
 .text.xQueueGenericSendFromISR
                0x00000eee       0xe4 ./freertos/queue.o
                0x00000eee                xQueueGenericSendFromISR
 .text.xQueueGenericReceive
                0x00000fd2      0x1c8 ./freertos/queue.o
                0x00000fd2                xQueueGenericReceive
 .text.prvCopyDataToQueue
                0x0000119a       0xd6 ./freertos/queue.o
 .text.prvCopyDataFromQueue
                0x00001270       0x4c ./freertos/queue.o
 .text.prvUnlockQueue
                0x000012bc       0xc0 ./freertos/queue.o
 .text.prvIsQueueEmpty
                0x0000137c       0x2c ./freertos/queue.o
 .text.prvIsQueueFull
                0x000013a8       0x30 ./freertos/queue.o
 .text.vQueueAddToRegistry
                0x000013d8       0x50 ./freertos/queue.o
                0x000013d8                vQueueAddToRegistry
 .text.vQueueWaitForMessageRestricted
                0x00001428       0x66 ./freertos/queue.o
                0x00001428                vQueueWaitForMessageRestricted
 .text.xTaskCreate
                0x0000148e       0x90 ./freertos/tasks.o
                0x0000148e                xTaskCreate
 *fill*         0x0000151e        0x2 ff
 .text.prvInitialiseNewTask
                0x00001520      0x12c ./freertos/tasks.o
 .text.prvAddNewTaskToReadyList
                0x0000164c       0xd0 ./freertos/tasks.o
 .text.vTaskDelayUntil
                0x0000171c       0xb8 ./freertos/tasks.o
                0x0000171c                vTaskDelayUntil
 .text.vTaskStartScheduler
                0x000017d4       0x78 ./freertos/tasks.o
                0x000017d4                vTaskStartScheduler
 .text.vTaskSuspendAll
                0x0000184c       0x18 ./freertos/tasks.o
                0x0000184c                vTaskSuspendAll
 .text.xTaskResumeAll
                0x00001864      0x118 ./freertos/tasks.o
                0x00001864                xTaskResumeAll
 .text.xTaskGetTickCount
                0x0000197c       0x1c ./freertos/tasks.o
                0x0000197c                xTaskGetTickCount
 .text.xTaskIncrementTick
                0x00001998      0x14c ./freertos/tasks.o
                0x00001998                xTaskIncrementTick
 .text.vTaskSwitchContext
                0x00001ae4       0xa4 ./freertos/tasks.o
                0x00001ae4                vTaskSwitchContext
 .text.vTaskPlaceOnEventList
                0x00001b88       0x3c ./freertos/tasks.o
                0x00001b88                vTaskPlaceOnEventList
 .text.vTaskPlaceOnEventListRestricted
                0x00001bc4       0x4c ./freertos/tasks.o
                0x00001bc4                vTaskPlaceOnEventListRestricted
 .text.xTaskRemoveFromEventList
                0x00001c10       0xb8 ./freertos/tasks.o
                0x00001c10                xTaskRemoveFromEventList
 .text.vTaskSetTimeOutState
                0x00001cc8       0x34 ./freertos/tasks.o
                0x00001cc8                vTaskSetTimeOutState
 .text.xTaskCheckForTimeOut
                0x00001cfc       0x9c ./freertos/tasks.o
                0x00001cfc                xTaskCheckForTimeOut
 .text.vTaskMissedYield
                0x00001d98       0x14 ./freertos/tasks.o
                0x00001d98                vTaskMissedYield
 .text.prvIdleTask
                0x00001dac       0x20 ./freertos/tasks.o
 .text.prvInitialiseTaskLists
                0x00001dcc       0x88 ./freertos/tasks.o
 .text.prvCheckTasksWaitingTermination
                0x00001e54       0x74 ./freertos/tasks.o
 .text.prvDeleteTCB
                0x00001ec8       0x22 ./freertos/tasks.o
 *fill*         0x00001eea        0x2 ff
 .text.prvResetNextTaskUnblockTime
                0x00001eec       0x48 ./freertos/tasks.o
 .text.xTaskGetSchedulerState
                0x00001f34       0x38 ./freertos/tasks.o
                0x00001f34                xTaskGetSchedulerState
 .text.vTaskPriorityInherit
                0x00001f6c       0xbc ./freertos/tasks.o
                0x00001f6c                vTaskPriorityInherit
 .text.xTaskPriorityDisinherit
                0x00002028       0xb8 ./freertos/tasks.o
                0x00002028                xTaskPriorityDisinherit
 .text.pvTaskIncrementMutexHeldCount
                0x000020e0       0x24 ./freertos/tasks.o
                0x000020e0                pvTaskIncrementMutexHeldCount
 .text.prvAddCurrentTaskToDelayedList
                0x00002104       0xa8 ./freertos/tasks.o
 .text.xTimerCreateTimerTask
                0x000021ac       0x54 ./freertos/timers.o
                0x000021ac                xTimerCreateTimerTask
 .text.xTimerGenericCommand
                0x00002200       0x9c ./freertos/timers.o
                0x00002200                xTimerGenericCommand
 .text.prvProcessExpiredTimer
                0x0000229c       0x70 ./freertos/timers.o
 .text.prvTimerTask
                0x0000230c       0x28 ./freertos/timers.o
 .text.prvProcessTimerOrBlockTask
                0x00002334       0x8c ./freertos/timers.o
 .text.prvGetNextExpireTime
                0x000023c0       0x40 ./freertos/timers.o
 .text.prvSampleTimeNow
                0x00002400       0x40 ./freertos/timers.o
 .text.prvInsertTimerInActiveList
                0x00002440       0x84 ./freertos/timers.o
 .text.prvProcessReceivedCommands
                0x000024c4      0x12c ./freertos/timers.o
 .text.prvSwitchTimerLists
                0x000025f0       0xb4 ./freertos/timers.o
 .text.prvCheckForValidListAndQueue
                0x000026a4       0x74 ./freertos/timers.o
 .text.CLOCK_SetEr32kClock
                0x00002718       0x30 ./drivers/fsl_clock.o
 .text.CLOCK_GetOscRangeFromFreq
                0x00002748       0x4c ./drivers/fsl_clock.o
 .text.CLOCK_SetSimConfig
                0x00002794       0x2c ./drivers/fsl_clock.o
                0x00002794                CLOCK_SetSimConfig
 .text.CLOCK_SetExternalRefClkConfig
                0x000027c0       0x80 ./drivers/fsl_clock.o
                0x000027c0                CLOCK_SetExternalRefClkConfig
 .text.CLOCK_SetInternalRefClkConfig
                0x00002840      0x128 ./drivers/fsl_clock.o
                0x00002840                CLOCK_SetInternalRefClkConfig
 .text.CLOCK_InitOsc0
                0x00002968       0x6c ./drivers/fsl_clock.o
                0x00002968                CLOCK_InitOsc0
 .text.CLOCK_SetFeeMode
                0x000029d4      0x140 ./drivers/fsl_clock.o
                0x000029d4                CLOCK_SetFeeMode
 .text.CLOCK_BootToFeeMode
                0x00002b14       0x4e ./drivers/fsl_clock.o
                0x00002b14                CLOCK_BootToFeeMode
 *fill*         0x00002b62        0x2 ff
 .text.LPUART0_DriverIRQHandler
                0x00002b64       0x24 ./drivers/fsl_lpuart.o
                0x00002b64                LPUART0_DriverIRQHandler
 .text.CLOCK_SetSimSafeDivs
                0x00002b88       0x1c ./board/clock_config.o
 .text.CLOCK_SetXtal0Freq
                0x00002ba4       0x1c ./board/clock_config.o
 .text.CLOCK_SYS_FllStableDelay
                0x00002bc0       0x24 ./board/clock_config.o
 .text.BOARD_BootClockRUN
                0x00002be4       0x64 ./board/clock_config.o
                0x00002be4                BOARD_BootClockRUN
 .text.BOARD_RfOscInit
                0x00002c48       0xd4 ./board/clock_config.o
                0x00002c48                BOARD_RfOscInit
 .text.BOARD_InitOsc0
                0x00002d1c       0x30 ./board/clock_config.o
                0x00002d1c                BOARD_InitOsc0
 .text.CLOCK_EnableClock
                0x00002d4c       0x38 ./board/pin_mux.o
 .text.PORT_SetPinMux
                0x00002d84       0x40 ./board/pin_mux.o
 .text.BOARD_InitPins
                0x00002dc4       0x84 ./board/pin_mux.o
                0x00002dc4                BOARD_InitPins
 .text.SystemInit
                0x00002e48       0x18 ./CMSIS/system_MKW41Z4.o
                0x00002e48                SystemInit
 .text          0x00002e60      0x114 c:/program files (x86)/gnu tools arm embedded/6 2017-q2-update/bin/../lib/gcc/arm-none-eabi/6.3.1/thumb/v6-m\libgcc.a(_udivsi3.o)
                0x00002e60                __aeabi_uidiv
                0x00002e60                __udivsi3
                0x00002f6c                __aeabi_uidivmod
 .text          0x00002f74        0x4 c:/program files (x86)/gnu tools arm embedded/6 2017-q2-update/bin/../lib/gcc/arm-none-eabi/6.3.1/thumb/v6-m\libgcc.a(_dvmd_tls.o)
                0x00002f74                __aeabi_idiv0
                0x00002f74                __aeabi_ldiv0
 .text.memcpy   0x00002f78       0x84 c:/program files (x86)/gnu tools arm embedded/6 2017-q2-update/bin/../lib/gcc/arm-none-eabi/6.3.1/../../../../arm-none-eabi/lib/thumb/v6-m\libc.a(lib_a-memcpy-stub.o)
                0x00002f78                memcpy
 .text.memset   0x00002ffc       0x94 c:/program files (x86)/gnu tools arm embedded/6 2017-q2-update/bin/../lib/gcc/arm-none-eabi/6.3.1/../../../../arm-none-eabi/lib/thumb/v6-m\libc.a(lib_a-memset.o)
                0x00002ffc                memset
 *(.rodata .rodata.* .constdata .constdata.*)
 .rodata        0x00003090        0xc ./source/freertos_hello.o
 .rodata        0x0000309c       0x18 ./freertos/tasks.o
                0x000030a4                FreeRTOSDebugConfig
 .rodata        0x000030b4        0xd ./freertos/timers.o
 *fill*         0x000030c1        0x3 ff
 .rodata.prvProcessReceivedCommands
                0x000030c4       0x28 ./freertos/timers.o
                0x000030ec                . = ALIGN (0x4)

.glue_7         0x000030ec        0x0
 .glue_7        0x000030ec        0x0 linker stubs

.glue_7t        0x000030ec        0x0
 .glue_7t       0x000030ec        0x0 linker stubs

.vfp11_veneer   0x000030ec        0x0
 .vfp11_veneer  0x000030ec        0x0 linker stubs

.v4_bx          0x000030ec        0x0
 .v4_bx         0x000030ec        0x0 linker stubs

.init           0x000030ec        0x4
 .init          0x000030ec        0x4 c:/program files (x86)/gnu tools arm embedded/6 2017-q2-update/bin/../lib/gcc/arm-none-eabi/6.3.1/thumb/v6-m/crti.o
                0x000030ec                _init

.fini           0x000030f0        0x4
 .fini          0x000030f0        0x4 c:/program files (x86)/gnu tools arm embedded/6 2017-q2-update/bin/../lib/gcc/arm-none-eabi/6.3.1/thumb/v6-m/crti.o
                0x000030f0                _fini

.iplt           0x000030f4        0x0
 .iplt          0x000030f4        0x0 c:/program files (x86)/gnu tools arm embedded/6 2017-q2-update/bin/../lib/gcc/arm-none-eabi/6.3.1/thumb/v6-m/crtbegin.o

.rel.dyn        0x000030f4        0x0
 .rel.iplt      0x000030f4        0x0 c:/program files (x86)/gnu tools arm embedded/6 2017-q2-update/bin/../lib/gcc/arm-none-eabi/6.3.1/thumb/v6-m/crtbegin.o

.ARM.extab
 *(.ARM.extab* .gnu.linkonce.armextab.*)
                0x000030f4                __exidx_start = .

.ARM.exidx
 *(.ARM.exidx* .gnu.linkonce.armexidx.*)
                0x000030f4                __exidx_end = .
                0x000030f4                _etext = .

.mtb_buffer_default
 *(.mtb*)

.uninit_RESERVED
                0x1fff8000        0x0
 *(.bss.$RESERVED*)
                0x1fff8000                . = ALIGN (0x4)
                0x1fff8000                _end_uninit_RESERVED = .

.data           0x1fff8000        0x8 load address 0x000030f4
 FILL mask 0xff
                0x1fff8000                _data = .
 *(vtable)
 *(.ramfunc*)
 *(.data*)
 .data.uxCriticalNesting
                0x1fff8000        0x4 ./freertos/port.o
 .data.SystemCoreClock
                0x1fff8004        0x4 ./CMSIS/system_MKW41Z4.o
                0x1fff8004                SystemCoreClock
                0x1fff8008                . = ALIGN (0x4)
                0x1fff8008                _edata = .

.igot.plt       0x1fff8008        0x0 load address 0x000030fc
 .igot.plt      0x1fff8008        0x0 c:/program files (x86)/gnu tools arm embedded/6 2017-q2-update/bin/../lib/gcc/arm-none-eabi/6.3.1/thumb/v6-m/crtbegin.o

.bss            0x1fff8008     0x29a4 load address 0x000030fc
                0x1fff8008                _bss = .
 *(.bss*)
 .bss.ucHeap    0x1fff8008     0x2800 ./freertos/heap_4.o
 .bss.xStart    0x1fffa808        0x8 ./freertos/heap_4.o
 .bss.pxEnd     0x1fffa810        0x4 ./freertos/heap_4.o
 .bss.xFreeBytesRemaining
                0x1fffa814        0x4 ./freertos/heap_4.o
 .bss.xMinimumEverFreeBytesRemaining
                0x1fffa818        0x4 ./freertos/heap_4.o
 .bss.xBlockAllocatedBit
                0x1fffa81c        0x4 ./freertos/heap_4.o
 .bss.xQueueRegistry
                0x1fffa820       0x40 ./freertos/queue.o
                0x1fffa820                xQueueRegistry
 .bss.pxCurrentTCB
                0x1fffa860        0x4 ./freertos/tasks.o
                0x1fffa860                pxCurrentTCB
 .bss.pxReadyTasksLists
                0x1fffa864       0x64 ./freertos/tasks.o
 .bss.xDelayedTaskList1
                0x1fffa8c8       0x14 ./freertos/tasks.o
 .bss.xDelayedTaskList2
                0x1fffa8dc       0x14 ./freertos/tasks.o
 .bss.pxDelayedTaskList
                0x1fffa8f0        0x4 ./freertos/tasks.o
 .bss.pxOverflowDelayedTaskList
                0x1fffa8f4        0x4 ./freertos/tasks.o
 .bss.xPendingReadyList
                0x1fffa8f8       0x14 ./freertos/tasks.o
 .bss.xTasksWaitingTermination
                0x1fffa90c       0x14 ./freertos/tasks.o
 .bss.uxDeletedTasksWaitingCleanUp
                0x1fffa920        0x4 ./freertos/tasks.o
 .bss.xSuspendedTaskList
                0x1fffa924       0x14 ./freertos/tasks.o
 .bss.uxCurrentNumberOfTasks
                0x1fffa938        0x4 ./freertos/tasks.o
 .bss.xTickCount
                0x1fffa93c        0x4 ./freertos/tasks.o
 .bss.uxTopReadyPriority
                0x1fffa940        0x4 ./freertos/tasks.o
 .bss.xSchedulerRunning
                0x1fffa944        0x4 ./freertos/tasks.o
 .bss.uxPendedTicks
                0x1fffa948        0x4 ./freertos/tasks.o
 .bss.xYieldPending
                0x1fffa94c        0x4 ./freertos/tasks.o
 .bss.xNumOfOverflows
                0x1fffa950        0x4 ./freertos/tasks.o
 .bss.uxTaskNumber
                0x1fffa954        0x4 ./freertos/tasks.o
 .bss.xNextTaskUnblockTime
                0x1fffa958        0x4 ./freertos/tasks.o
 .bss.xIdleTaskHandle
                0x1fffa95c        0x4 ./freertos/tasks.o
 .bss.uxSchedulerSuspended
                0x1fffa960        0x4 ./freertos/tasks.o
 .bss.xActiveTimerList1
                0x1fffa964       0x14 ./freertos/timers.o
 .bss.xActiveTimerList2
                0x1fffa978       0x14 ./freertos/timers.o
 .bss.pxCurrentTimerList
                0x1fffa98c        0x4 ./freertos/timers.o
 .bss.pxOverflowTimerList
                0x1fffa990        0x4 ./freertos/timers.o
 .bss.xTimerQueue
                0x1fffa994        0x4 ./freertos/timers.o
 .bss.xTimerTaskHandle
                0x1fffa998        0x4 ./freertos/timers.o
 .bss.xLastTime.4912
                0x1fffa99c        0x4 ./freertos/timers.o
 .bss.g_xtal0Freq
                0x1fffa9a0        0x4 ./drivers/fsl_clock.o
                0x1fffa9a0                g_xtal0Freq
 .bss.s_lpuartHandle
                0x1fffa9a4        0x4 ./drivers/fsl_lpuart.o
 .bss.s_lpuartIsr
                0x1fffa9a8        0x4 ./drivers/fsl_lpuart.o
 *(COMMON)
                0x1fffa9ac                . = ALIGN (0x4)
                0x1fffa9ac                _ebss = .
                0x1fffa9ac                PROVIDE (end, .)

.noinit         0x1fffa9ac        0x0 load address 0x000030fc
                0x1fffa9ac                _noinit = .
 *(.noinit*)
                0x1fffa9ac                . = ALIGN (0x4)
                0x1fffa9ac                _end_noinit = .

.heap           0x1fffa9ac     0x1000 load address 0x000030fc
                0x1fffa9ac                _pvHeapStart = .
                0x1fffb9ac                . = (. + 0x1000)
 *fill*         0x1fffa9ac     0x1000 
                0x1fffb9ac                . = ALIGN (0x4)
                0x1fffb9ac                _pvHeapLimit = .

.heap2stackfill
                0x1fffb9ac     0x1000 load address 0x000030fc
                0x1fffc9ac                . = (. + 0x1000)
 *fill*         0x1fffb9ac     0x1000 

.stack          0x20017000        0x0
                0x20017000                _vStackBase = .
                0x20017000                . = ALIGN (0x4)
                0x20018000                _vStackTop = (. + 0x1000)
OUTPUT(frdmkw41z_rtos_examples_freertos_hello.axf elf32-littlearm)

.ARM.attributes
                0x00000000       0x28
 .ARM.attributes
                0x00000000       0x1e c:/program files (x86)/gnu tools arm embedded/6 2017-q2-update/bin/../lib/gcc/arm-none-eabi/6.3.1/thumb/v6-m/crti.o
 .ARM.attributes
                0x0000001e       0x32 ./startup/startup_mkw41z4.o
 .ARM.attributes
                0x00000050       0x32 ./source/freertos_hello.o
 .ARM.attributes
                0x00000082       0x32 ./freertos/fsl_tickless_lptmr.o
 .ARM.attributes
                0x000000b4       0x32 ./freertos/heap_4.o
 .ARM.attributes
                0x000000e6       0x32 ./freertos/list.o
 .ARM.attributes
                0x00000118       0x32 ./freertos/port.o
 .ARM.attributes
                0x0000014a       0x32 ./freertos/queue.o
 .ARM.attributes
                0x0000017c       0x32 ./freertos/tasks.o
 .ARM.attributes
                0x000001ae       0x32 ./freertos/timers.o
 .ARM.attributes
                0x000001e0       0x32 ./drivers/fsl_clock.o
 .ARM.attributes
                0x00000212       0x32 ./drivers/fsl_lpuart.o
 .ARM.attributes
                0x00000244       0x32 ./board/clock_config.o
 .ARM.attributes
                0x00000276       0x32 ./board/pin_mux.o
 .ARM.attributes
                0x000002a8       0x32 ./CMSIS/system_MKW41Z4.o
 .ARM.attributes
                0x000002da       0x1e c:/program files (x86)/gnu tools arm embedded/6 2017-q2-update/bin/../lib/gcc/arm-none-eabi/6.3.1/thumb/v6-m\libgcc.a(_udivsi3.o)
 .ARM.attributes
                0x000002f8       0x1e c:/program files (x86)/gnu tools arm embedded/6 2017-q2-update/bin/../lib/gcc/arm-none-eabi/6.3.1/thumb/v6-m\libgcc.a(_dvmd_tls.o)
 .ARM.attributes
                0x00000316       0x2c c:/program files (x86)/gnu tools arm embedded/6 2017-q2-update/bin/../lib/gcc/arm-none-eabi/6.3.1/../../../../arm-none-eabi/lib/thumb/v6-m\libc.a(lib_a-memcpy-stub.o)
 .ARM.attributes
                0x00000342       0x2c c:/program files (x86)/gnu tools arm embedded/6 2017-q2-update/bin/../lib/gcc/arm-none-eabi/6.3.1/../../../../arm-none-eabi/lib/thumb/v6-m\libc.a(lib_a-memset.o)

.comment        0x00000000       0x7f
 .comment       0x00000000       0x7f ./startup/startup_mkw41z4.o
                                 0x80 (size before relaxing)
 .comment       0x0000007f       0x80 ./source/freertos_hello.o
 .comment       0x0000007f       0x80 ./freertos/fsl_tickless_lptmr.o
 .comment       0x0000007f       0x80 ./freertos/heap_4.o
 .comment       0x0000007f       0x80 ./freertos/list.o
 .comment       0x0000007f       0x80 ./freertos/port.o
 .comment       0x0000007f       0x80 ./freertos/queue.o
 .comment       0x0000007f       0x80 ./freertos/tasks.o
 .comment       0x0000007f       0x80 ./freertos/timers.o
 .comment       0x0000007f       0x80 ./drivers/fsl_clock.o
 .comment       0x0000007f       0x80 ./drivers/fsl_lpuart.o
 .comment       0x0000007f       0x80 ./board/clock_config.o
 .comment       0x0000007f       0x80 ./board/pin_mux.o
 .comment       0x0000007f       0x80 ./CMSIS/system_MKW41Z4.o

.debug_info     0x00000000     0xcf7f
 .debug_info    0x00000000      0x49e ./startup/startup_mkw41z4.o
 .debug_info    0x0000049e      0xa7b ./source/freertos_hello.o
 .debug_info    0x00000f19       0xb7 ./freertos/fsl_tickless_lptmr.o
 .debug_info    0x00000fd0      0xb04 ./freertos/heap_4.o
 .debug_info    0x00001ad4      0xac1 ./freertos/list.o
 .debug_info    0x00002595      0x230 ./freertos/port.o
 .debug_info    0x000027c5     0x162d ./freertos/queue.o
 .debug_info    0x00003df2     0x1f95 ./freertos/tasks.o
 .debug_info    0x00005d87     0x12e4 ./freertos/timers.o
 .debug_info    0x0000706b     0x1bfb ./drivers/fsl_clock.o
 .debug_info    0x00008c66     0x1e80 ./drivers/fsl_lpuart.o
 .debug_info    0x0000aae6     0x134c ./board/clock_config.o
 .debug_info    0x0000be32      0xd86 ./board/pin_mux.o
 .debug_info    0x0000cbb8      0x3c7 ./CMSIS/system_MKW41Z4.o

.debug_abbrev   0x00000000     0x200e
 .debug_abbrev  0x00000000      0x16a ./startup/startup_mkw41z4.o
 .debug_abbrev  0x0000016a      0x255 ./source/freertos_hello.o
 .debug_abbrev  0x000003bf       0x60 ./freertos/fsl_tickless_lptmr.o
 .debug_abbrev  0x0000041f      0x270 ./freertos/heap_4.o
 .debug_abbrev  0x0000068f      0x1fb ./freertos/list.o
 .debug_abbrev  0x0000088a      0x16c ./freertos/port.o
 .debug_abbrev  0x000009f6      0x2a5 ./freertos/queue.o
 .debug_abbrev  0x00000c9b      0x344 ./freertos/tasks.o
 .debug_abbrev  0x00000fdf      0x2ad ./freertos/timers.o
 .debug_abbrev  0x0000128c      0x3f8 ./drivers/fsl_clock.o
 .debug_abbrev  0x00001684      0x35f ./drivers/fsl_lpuart.o
 .debug_abbrev  0x000019e3      0x2b6 ./board/clock_config.o
 .debug_abbrev  0x00001c99      0x262 ./board/pin_mux.o
 .debug_abbrev  0x00001efb      0x113 ./CMSIS/system_MKW41Z4.o

.debug_aranges  0x00000000      0x9d0
 .debug_aranges
                0x00000000      0x160 ./startup/startup_mkw41z4.o
 .debug_aranges
                0x00000160       0x40 ./source/freertos_hello.o
 .debug_aranges
                0x000001a0       0x20 ./freertos/fsl_tickless_lptmr.o
 .debug_aranges
                0x000001c0       0x50 ./freertos/heap_4.o
 .debug_aranges
                0x00000210       0x40 ./freertos/list.o
 .debug_aranges
                0x00000250       0x80 ./freertos/port.o
 .debug_aranges
                0x000002d0      0x118 ./freertos/queue.o
 .debug_aranges
                0x000003e8      0x1e8 ./freertos/tasks.o
 .debug_aranges
                0x000005d0       0xc8 ./freertos/timers.o
 .debug_aranges
                0x00000698      0x168 ./drivers/fsl_clock.o
 .debug_aranges
                0x00000800      0x118 ./drivers/fsl_lpuart.o
 .debug_aranges
                0x00000918       0x60 ./board/clock_config.o
 .debug_aranges
                0x00000978       0x30 ./board/pin_mux.o
 .debug_aranges
                0x000009a8       0x28 ./CMSIS/system_MKW41Z4.o

.debug_ranges   0x00000000      0x8f0
 .debug_ranges  0x00000000      0x150 ./startup/startup_mkw41z4.o
 .debug_ranges  0x00000150       0x30 ./source/freertos_hello.o
 .debug_ranges  0x00000180       0x10 ./freertos/fsl_tickless_lptmr.o
 .debug_ranges  0x00000190       0x40 ./freertos/heap_4.o
 .debug_ranges  0x000001d0       0x30 ./freertos/list.o
 .debug_ranges  0x00000200       0x70 ./freertos/port.o
 .debug_ranges  0x00000270      0x108 ./freertos/queue.o
 .debug_ranges  0x00000378      0x1d8 ./freertos/tasks.o
 .debug_ranges  0x00000550       0xb8 ./freertos/timers.o
 .debug_ranges  0x00000608      0x158 ./drivers/fsl_clock.o
 .debug_ranges  0x00000760      0x108 ./drivers/fsl_lpuart.o
 .debug_ranges  0x00000868       0x50 ./board/clock_config.o
 .debug_ranges  0x000008b8       0x20 ./board/pin_mux.o
 .debug_ranges  0x000008d8       0x18 ./CMSIS/system_MKW41Z4.o

.debug_line     0x00000000     0x40b7
 .debug_line    0x00000000      0x128 ./startup/startup_mkw41z4.o
 .debug_line    0x00000128      0x3b8 ./source/freertos_hello.o
 .debug_line    0x000004e0      0x13d ./freertos/fsl_tickless_lptmr.o
 .debug_line    0x0000061d      0x321 ./freertos/heap_4.o
 .debug_line    0x0000093e      0x29a ./freertos/list.o
 .debug_line    0x00000bd8      0x24c ./freertos/port.o
 .debug_line    0x00000e24      0x855 ./freertos/queue.o
 .debug_line    0x00001679      0xd68 ./freertos/tasks.o
 .debug_line    0x000023e1      0x520 ./freertos/timers.o
 .debug_line    0x00002901      0x7de ./drivers/fsl_clock.o
 .debug_line    0x000030df      0x7a6 ./drivers/fsl_lpuart.o
 .debug_line    0x00003885      0x3a7 ./board/clock_config.o
 .debug_line    0x00003c2c      0x2f1 ./board/pin_mux.o
 .debug_line    0x00003f1d      0x19a ./CMSIS/system_MKW41Z4.o

.debug_str      0x00000000     0x4c27
 .debug_str     0x00000000      0x4d6 ./startup/startup_mkw41z4.o
                                0x4f8 (size before relaxing)
 .debug_str     0x000004d6      0x53b ./source/freertos_hello.o
                                0x6fc (size before relaxing)
 .debug_str     0x00000a11       0x38 ./freertos/fsl_tickless_lptmr.o
                                0x23c (size before relaxing)
 .debug_str     0x00000a49      0x1e4 ./freertos/heap_4.o
                                0x7a7 (size before relaxing)
 .debug_str     0x00000c2d      0x125 ./freertos/list.o
                                0x721 (size before relaxing)
 .debug_str     0x00000d52      0x130 ./freertos/port.o
                                0x378 (size before relaxing)
 .debug_str     0x00000e82      0x56e ./freertos/queue.o
                                0xc51 (size before relaxing)
 .debug_str     0x000013f0      0xbf7 ./freertos/tasks.o
                               0x13d1 (size before relaxing)
 .debug_str     0x00001fe7      0x4dd ./freertos/timers.o
                                0xc08 (size before relaxing)
 .debug_str     0x000024c4     0x109e ./drivers/fsl_clock.o
                               0x16e8 (size before relaxing)
 .debug_str     0x00003562      0xfa2 ./drivers/fsl_lpuart.o
                               0x1b47 (size before relaxing)
 .debug_str     0x00004504      0x57f ./board/clock_config.o
                                0xe32 (size before relaxing)
 .debug_str     0x00004a83      0x155 ./board/pin_mux.o
                                0xa0a (size before relaxing)
 .debug_str     0x00004bd8       0x4f ./CMSIS/system_MKW41Z4.o
                                0x34b (size before relaxing)

.debug_frame    0x00000000     0x2128
 .debug_frame   0x00000000      0x3b0 ./startup/startup_mkw41z4.o
 .debug_frame   0x000003b0       0xb0 ./source/freertos_hello.o
 .debug_frame   0x00000460       0x30 ./freertos/fsl_tickless_lptmr.o
 .debug_frame   0x00000490       0xe4 ./freertos/heap_4.o
 .debug_frame   0x00000574       0xb0 ./freertos/list.o
 .debug_frame   0x00000624      0x154 ./freertos/port.o
 .debug_frame   0x00000778      0x410 ./freertos/queue.o
 .debug_frame   0x00000b88      0x73c ./freertos/tasks.o
 .debug_frame   0x000012c4      0x2c8 ./freertos/timers.o
 .debug_frame   0x0000158c      0x52c ./drivers/fsl_clock.o
 .debug_frame   0x00001ab8      0x40c ./drivers/fsl_lpuart.o
 .debug_frame   0x00001ec4      0x12c ./board/clock_config.o
 .debug_frame   0x00001ff0       0x6c ./board/pin_mux.o
 .debug_frame   0x0000205c       0x4c ./CMSIS/system_MKW41Z4.o
 .debug_frame   0x000020a8       0x20 c:/program files (x86)/gnu tools arm embedded/6 2017-q2-update/bin/../lib/gcc/arm-none-eabi/6.3.1/thumb/v6-m\libgcc.a(_udivsi3.o)
 .debug_frame   0x000020c8       0x30 c:/program files (x86)/gnu tools arm embedded/6 2017-q2-update/bin/../lib/gcc/arm-none-eabi/6.3.1/../../../../arm-none-eabi/lib/thumb/v6-m\libc.a(lib_a-memcpy-stub.o)
 .debug_frame   0x000020f8       0x30 c:/program files (x86)/gnu tools arm embedded/6 2017-q2-update/bin/../lib/gcc/arm-none-eabi/6.3.1/../../../../arm-none-eabi/lib/thumb/v6-m\libc.a(lib_a-memset.o)
